// Vitest Snapshot v1, https://vitest.dev/guide/snapshot.html

exports[`Notion OpenAPI spec -> MCP tools (snapshot) > generates a stable set of tool names 1`] = `
[
  "create-a-comment",
  "create-a-data-source",
  "create-a-file-upload",
  "create-a-view",
  "create-a-view-query",
  "delete-a-block",
  "delete-a-comment",
  "delete-a-view",
  "delete-a-view-query",
  "get-block-children",
  "get-self",
  "get-user",
  "get-users",
  "get-view-query-results",
  "list-data-source-templates",
  "list-views",
  "move-page",
  "patch-block-children",
  "patch-page",
  "post-page",
  "post-search",
  "query-data-source",
  "retrieve-a-block",
  "retrieve-a-comment",
  "retrieve-a-data-source",
  "retrieve-a-database",
  "retrieve-a-file-upload",
  "retrieve-a-page",
  "retrieve-a-page-property",
  "retrieve-a-view",
  "retrieve-page-markdown",
  "send-a-file-upload",
  "update-a-block",
  "update-a-comment",
  "update-a-data-source",
  "update-a-view",
  "update-page-markdown",
]
`;

exports[`Notion OpenAPI spec -> MCP tools (snapshot) > generates stable tool definitions (name, method, description, params) 1`] = `
[
  {
    "description": "Notion | Create comment
Creates a comment in a page or existing discussion thread.
Returns:
Fields: object: string, id: string, parent: object, discussion_id: string, created_time: string, last_edited_time: string, created_by: object, rich_text: array of object
Error Responses:
400: Bad request",
    "httpMethod": "post",
    "name": "create-a-comment",
    "properties": [
      "attachments",
      "discussion_id",
      "display_name",
      "parent",
      "rich_text",
    ],
    "required": [
      "rich_text",
    ],
  },
  {
    "description": "Notion | Create a data source
Create a new data source (database)
Returns:
A data source object — the column schema behind a database. Rows are pages; query them with API-query-data-source.
Fields: object: string, id: string, title: array of object, description: array of object, properties: object, parent: object, database_parent: object, created_time: string, last_edited_time: string, created_by: object, last_edited_by: object, icon: object, cover: object, is_inline: boolean, url: string, public_url: string, archived: boolean, in_trash: boolean, request_id: string
Error Responses:
400: Bad request",
    "httpMethod": "post",
    "name": "create-a-data-source",
    "properties": [
      "parent",
      "properties",
      "title",
    ],
    "required": [
      "parent",
      "properties",
    ],
  },
  {
    "description": "Notion | Create a file upload
Step 1 of attaching a file to Notion. Reserves an upload and returns an \`id\`. Then call \`API-send-a-file-upload\` with that id to transfer the bytes, and finally reference it from a block or property as \`{"type": "file_upload", "file_upload": {"id": "<id>"}}\`. Single-part uploads are limited to 20MB. An upload must be attached within one hour or it expires.
Returns:
A file upload object. It is \`pending\` until the bytes arrive and \`uploaded\` afterwards, and it expires at \`expiry_time\` (one hour) unless it is attached to a block, page property or comment before then.
Fields: object: string, id: string, status: string, filename: string, content_type: string, content_length: integer, upload_url: string, expiry_time: string, created_time: string, last_edited_time: string, created_by: object, archived: boolean, in_trash: boolean, request_id: string",
    "httpMethod": "post",
    "name": "create-a-file-upload",
    "properties": [
      "content_type",
      "external_url",
      "filename",
      "mode",
    ],
    "required": [],
  },
  {
    "description": "Notion | Create a view
Create a view over a data source: a table, board, calendar, timeline, gallery, list, form, chart, map or dashboard, with its own filter, sorts and layout. Exactly one of \`database_id\`, \`view_id\` or \`create_database\` must be given — \`database_id\` adds a tab to an existing database, \`view_id\` adds a widget to an existing dashboard, and \`create_database\` puts a linked view of an existing data source on a page. Note that \`database_id\` and \`data_source_id\` are different IDs and both are needed: retrieve the database to find its \`data_sources\` array. \`configuration.type\` must equal the view's \`type\`, and a board view must carry a \`group_by\`.
Error Responses:
400: Bad request",
    "httpMethod": "post",
    "name": "create-a-view",
    "properties": [
      "configuration",
      "create_database",
      "data_source_id",
      "database_id",
      "filter",
      "name",
      "placement",
      "position",
      "quick_filters",
      "sorts",
      "type",
      "view_id",
    ],
    "required": [
      "data_source_id",
      "name",
      "type",
    ],
  },
  {
    "description": "Notion | Create a view query
Run a view's saved filter and sort and get the first page of matching pages back, so you see what a person looking at that view sees without rebuilding its filter logic yourself. The response carries the results plus a \`query_id\`, \`total_count\` and \`has_more\`; use Get view query results with that \`query_id\` to page through the rest. The cached result set expires on its own after about 15 minutes.
Error Responses:
400: Bad request",
    "httpMethod": "post",
    "name": "create-a-view-query",
    "properties": [
      "page_size",
      "view_id",
    ],
    "required": [
      "view_id",
    ],
  },
  {
    "description": "Notion | Delete a block
Returns:
A block object. Its content sits under a key named by its own \`type\` — a paragraph carries \`paragraph\`, a heading \`heading_1\`.
Fields: object: string, id: string, parent: object, type: string, has_children: boolean, created_time: string, last_edited_time: string, created_by: object, last_edited_by: object, archived: boolean, in_trash: boolean, request_id: string
Error Responses:
400: Bad request",
    "httpMethod": "delete",
    "name": "delete-a-block",
    "properties": [
      "block_id",
    ],
    "required": [
      "block_id",
    ],
  },
  {
    "description": "Notion | Delete a comment permanently. This cannot be undone — a deleted comment is gone for good, with no trash to restore it from. Deletes exactly one comment, named by its id.
Error Responses:
400: Bad request
403: Forbidden — the integration lacks the insert-comment capability
404: Not found — no such comment, or it was created by someone else",
    "httpMethod": "delete",
    "name": "delete-a-comment",
    "properties": [
      "comment_id",
    ],
    "required": [
      "comment_id",
    ],
  },
  {
    "description": "Notion | Delete a view
Permanently remove a view from its database. This cannot be undone through the API. A database must keep at least one view, so deleting the last one fails with a validation error — to get rid of the database itself, set \`in_trash\` on the database instead. The response is a partial view object with only \`object\`, \`id\`, \`parent\` and \`type\`, since the view no longer exists to describe.
Error Responses:
400: Bad request",
    "httpMethod": "delete",
    "name": "delete-a-view",
    "properties": [
      "view_id",
    ],
    "required": [
      "view_id",
    ],
  },
  {
    "description": "Notion | Delete a view query
Release a cached view query once you have finished paging through it. Optional housekeeping — a query expires by itself after about 15 minutes — but worth doing when queries are run often. It deletes only the cached result set; the view and its pages are untouched.
Error Responses:
400: Bad request",
    "httpMethod": "delete",
    "name": "delete-a-view-query",
    "properties": [
      "query_id",
      "view_id",
    ],
    "required": [
      "query_id",
      "view_id",
    ],
  },
  {
    "description": "Notion | Retrieve block children
Returns:
A paginated list. While \`has_more\` is true, pass \`next_cursor\` back as \`start_cursor\` to get the following page.
Fields: object: string, results: array of object, next_cursor: string, has_more: boolean, type: string, request_id: string
Error Responses:
400: Bad request",
    "httpMethod": "get",
    "name": "get-block-children",
    "properties": [
      "block_id",
      "page_size",
      "start_cursor",
    ],
    "required": [
      "block_id",
    ],
  },
  {
    "description": "Notion | Retrieve your token's bot user
Returns:
Fields: object: string, id: string, name: string, avatar_url: any, type: string, bot: object
Error Responses:
400: Bad request",
    "httpMethod": "get",
    "name": "get-self",
    "properties": [],
    "required": [],
  },
  {
    "description": "Notion | Retrieve a user
Error Responses:
400: 400",
    "httpMethod": "get",
    "name": "get-user",
    "properties": [
      "user_id",
    ],
    "required": [
      "user_id",
    ],
  },
  {
    "description": "Notion | List all users
Error Responses:
400: 400",
    "httpMethod": "get",
    "name": "get-users",
    "properties": [
      "page_size",
      "start_cursor",
    ],
    "required": [],
  },
  {
    "description": "Notion | Get view query results
Fetch a further page from a result set already produced by Create a view query, using the \`query_id\` it returned. Pass the previous response's \`next_cursor\` as \`start_cursor\`. The cached set expires after about 15 minutes, after which the query has to be created again.
Error Responses:
400: Bad request",
    "httpMethod": "get",
    "name": "get-view-query-results",
    "properties": [
      "page_size",
      "query_id",
      "start_cursor",
      "view_id",
    ],
    "required": [
      "query_id",
      "view_id",
    ],
  },
  {
    "description": "Notion | List templates in a data source
List available templates for a data source
Error Responses:
400: Bad request",
    "httpMethod": "get",
    "name": "list-data-source-templates",
    "properties": [
      "data_source_id",
      "page_size",
      "start_cursor",
    ],
    "required": [
      "data_source_id",
    ],
  },
  {
    "description": "Notion | List views
List the views of a database, or every view that reads a given data source. Pass \`database_id\` for the views shown as tabs on one database, or \`data_source_id\` to also pick up linked views of that data source living on other pages across the workspace. Results only include views the integration can access. Each entry is a reference carrying just \`object\` and \`id\` — call Retrieve a view for a view's filter, sorts and layout.
Error Responses:
400: Bad request",
    "httpMethod": "get",
    "name": "list-views",
    "properties": [
      "data_source_id",
      "database_id",
      "page_size",
      "start_cursor",
    ],
    "required": [],
  },
  {
    "description": "Notion | Move a page
Move a page to a different parent location
Returns:
A page object.
Fields: object: string, id: string, created_time: string, last_edited_time: string, created_by: object, last_edited_by: object, cover: object, icon: object, parent: object, properties: object, url: string, public_url: string, archived: boolean, is_archived: boolean, in_trash: boolean, is_locked: boolean, request_id: string
Error Responses:
400: Bad request",
    "httpMethod": "post",
    "name": "move-page",
    "properties": [
      "page_id",
      "parent",
    ],
    "required": [
      "page_id",
      "parent",
    ],
  },
  {
    "description": "Notion | Append block children
Returns:
A paginated list. While \`has_more\` is true, pass \`next_cursor\` back as \`start_cursor\` to get the following page.
Fields: object: string, results: array of object, next_cursor: string, has_more: boolean, type: string, request_id: string
Error Responses:
400: Bad request",
    "httpMethod": "patch",
    "name": "patch-block-children",
    "properties": [
      "after",
      "block_id",
      "children",
    ],
    "required": [
      "block_id",
      "children",
    ],
  },
  {
    "description": "Notion | Update page properties
Returns:
A page object.
Fields: object: string, id: string, created_time: string, last_edited_time: string, created_by: object, last_edited_by: object, cover: object, icon: object, parent: object, properties: object, url: string, public_url: string, archived: boolean, is_archived: boolean, in_trash: boolean, is_locked: boolean, request_id: string
Error Responses:
400: Bad request",
    "httpMethod": "patch",
    "name": "patch-page",
    "properties": [
      "archived",
      "cover",
      "icon",
      "in_trash",
      "page_id",
      "properties",
    ],
    "required": [
      "page_id",
    ],
  },
  {
    "description": "Notion | Create a page
Returns:
A page object.
Fields: object: string, id: string, created_time: string, last_edited_time: string, created_by: object, last_edited_by: object, cover: object, icon: object, parent: object, properties: object, url: string, public_url: string, archived: boolean, is_archived: boolean, in_trash: boolean, is_locked: boolean, request_id: string
Error Responses:
400: Bad request",
    "httpMethod": "post",
    "name": "post-page",
    "properties": [
      "children",
      "cover",
      "icon",
      "markdown",
      "parent",
      "properties",
    ],
    "required": [
      "parent",
      "properties",
    ],
  },
  {
    "description": "Notion | Search by title
Returns:
A paginated list. While \`has_more\` is true, pass \`next_cursor\` back as \`start_cursor\` to get the following page.
Fields: object: string, results: array of object, next_cursor: string, has_more: boolean, type: string, request_id: string
Error Responses:
400: Bad request",
    "httpMethod": "post",
    "name": "post-search",
    "properties": [
      "filter",
      "page_size",
      "query",
      "sort",
      "start_cursor",
    ],
    "required": [],
  },
  {
    "description": "Notion | Query a data source
Query a data source (database) using filters and sorts
Returns:
A paginated list. While \`has_more\` is true, pass \`next_cursor\` back as \`start_cursor\` to get the following page.
Fields: object: string, results: array of object, next_cursor: string, has_more: boolean, type: string, request_id: string
Error Responses:
400: Bad request",
    "httpMethod": "post",
    "name": "query-data-source",
    "properties": [
      "archived",
      "data_source_id",
      "filter",
      "filter_properties",
      "in_trash",
      "page_size",
      "sorts",
      "start_cursor",
    ],
    "required": [
      "data_source_id",
    ],
  },
  {
    "description": "Notion | Retrieve a block
Returns:
A block object. Its content sits under a key named by its own \`type\` — a paragraph carries \`paragraph\`, a heading \`heading_1\`.
Fields: object: string, id: string, parent: object, type: string, has_children: boolean, created_time: string, last_edited_time: string, created_by: object, last_edited_by: object, archived: boolean, in_trash: boolean, request_id: string
Error Responses:
400: Bad request",
    "httpMethod": "get",
    "name": "retrieve-a-block",
    "properties": [
      "block_id",
    ],
    "required": [
      "block_id",
    ],
  },
  {
    "description": "Notion | Retrieve comments
Retrieves a list of un-resolved [Comment objects](ref:comment-object) from a page or block.
Returns:
Fields: object: string, results: array of object, next_cursor: any, has_more: boolean, type: string, comment: object
Error Responses:
400: Bad request",
    "httpMethod": "get",
    "name": "retrieve-a-comment",
    "properties": [
      "block_id",
      "page_size",
      "start_cursor",
    ],
    "required": [
      "block_id",
    ],
  },
  {
    "description": "Notion | Retrieve a data source
Retrieve metadata and schema for a data source
Returns:
A data source object — the column schema behind a database. Rows are pages; query them with API-query-data-source.
Fields: object: string, id: string, title: array of object, description: array of object, properties: object, parent: object, database_parent: object, created_time: string, last_edited_time: string, created_by: object, last_edited_by: object, icon: object, cover: object, is_inline: boolean, url: string, public_url: string, archived: boolean, in_trash: boolean, request_id: string
Error Responses:
400: Bad request",
    "httpMethod": "get",
    "name": "retrieve-a-data-source",
    "properties": [
      "data_source_id",
    ],
    "required": [
      "data_source_id",
    ],
  },
  {
    "description": "Notion | Retrieve a database
Retrieves a database object using the ID specified. Returns database metadata including the list of data source IDs contained in the database.
Returns:
A database object. It holds presentation and the list of data sources; the columns live on the data source, not here.
Fields: object: string, id: string, title: array of object, description: array of object, data_sources: array of object, parent: object, created_time: string, last_edited_time: string, icon: object, cover: object, is_inline: boolean, is_locked: boolean, url: string, public_url: string, archived: boolean, in_trash: boolean, request_id: string
Error Responses:
400: Bad request",
    "httpMethod": "get",
    "name": "retrieve-a-database",
    "properties": [
      "database_id",
    ],
    "required": [
      "database_id",
    ],
  },
  {
    "description": "Notion | Retrieve a file upload
Check the status of a file upload ('pending', 'uploaded', 'expired', 'failed').
Returns:
A file upload object. It is \`pending\` until the bytes arrive and \`uploaded\` afterwards, and it expires at \`expiry_time\` (one hour) unless it is attached to a block, page property or comment before then.
Fields: object: string, id: string, status: string, filename: string, content_type: string, content_length: integer, upload_url: string, expiry_time: string, created_time: string, last_edited_time: string, created_by: object, archived: boolean, in_trash: boolean, request_id: string",
    "httpMethod": "get",
    "name": "retrieve-a-file-upload",
    "properties": [
      "file_upload_id",
    ],
    "required": [
      "file_upload_id",
    ],
  },
  {
    "description": "Notion | Retrieve a page
Returns:
A page object.
Fields: object: string, id: string, created_time: string, last_edited_time: string, created_by: object, last_edited_by: object, cover: object, icon: object, parent: object, properties: object, url: string, public_url: string, archived: boolean, is_archived: boolean, in_trash: boolean, is_locked: boolean, request_id: string
Error Responses:
400: Bad request",
    "httpMethod": "get",
    "name": "retrieve-a-page",
    "properties": [
      "filter_properties",
      "page_id",
    ],
    "required": [
      "page_id",
    ],
  },
  {
    "description": "Notion | Retrieve a page property item
Error Responses:
400: Bad request",
    "httpMethod": "get",
    "name": "retrieve-a-page-property",
    "properties": [
      "page_id",
      "page_size",
      "property_id",
      "start_cursor",
    ],
    "required": [
      "page_id",
      "property_id",
    ],
  },
  {
    "description": "Notion | Retrieve a view
Retrieve one view in full: its name, type, filter, sorts, quick filters and layout configuration. This is the only way to read a view's settings — List views returns bare \`id\` references. Retrieving a dashboard returns its layout, the rows of widgets with their view IDs, widths and row indexes.
Error Responses:
400: Bad request",
    "httpMethod": "get",
    "name": "retrieve-a-view",
    "properties": [
      "view_id",
    ],
    "required": [
      "view_id",
    ],
  },
  {
    "description": "Notion | Retrieve a page as Markdown
Retrieve the full content of a Notion page rendered as enhanced Markdown. Designed for agentic and developer tools that work natively with Markdown instead of the block JSON returned by Retrieve block children.
Returns:
Fields: object: string, id: string, markdown: string, truncated: boolean, unknown_block_ids: array of string
Error Responses:
400: Bad request
403: The integration lacks the read/update content capability required for this page.
404: Page not found or not shared with the integration.
429: Rate limited.",
    "httpMethod": "get",
    "name": "retrieve-page-markdown",
    "properties": [
      "include_transcript",
      "page_id",
    ],
    "required": [
      "page_id",
    ],
  },
  {
    "description": "Notion | Send a file upload
Step 2: transfer the bytes for an upload created by \`API-create-a-file-upload\`. Because this server runs remotely and shares no filesystem with the caller, the \`file\` parameter accepts a data: URI, a bare base64 string, or an http(s) URL the server can fetch — a local path only works when running over stdio. Whichever form is used, the whole file travels in this one call as a single unbroken payload: contents produced in pieces must be joined before they are sent, and \`content_length\` is what proves none went missing.
Returns:
A file upload object. It is \`pending\` until the bytes arrive and \`uploaded\` afterwards, and it expires at \`expiry_time\` (one hour) unless it is attached to a block, page property or comment before then.
Fields: object: string, id: string, status: string, filename: string, content_type: string, content_length: integer, upload_url: string, expiry_time: string, created_time: string, last_edited_time: string, created_by: object, archived: boolean, in_trash: boolean, request_id: string",
    "httpMethod": "post",
    "name": "send-a-file-upload",
    "properties": [
      "content_length",
      "file",
      "file_upload_id",
      "filename",
    ],
    "required": [
      "file",
      "file_upload_id",
    ],
  },
  {
    "description": "Notion | Correct the text of a block that is already on a page. Pass the one property named after the block's own type — \`paragraph\`, \`bulleted_list_item\`, \`to_do\`, \`heading_1\` and so on — carrying the new \`rich_text\`. The new \`rich_text\` replaces the block's existing text entirely, so send the whole corrected line and not just the changed part. Notion only lets an existing block's text (and \`checked\`, on a \`to_do\`) be updated; a block cannot be turned into another type this way. Editing in place keeps the block's id, its position on the page and any comments anchored to it — appending a corrected copy and archiving the old one does not.
Send exactly one block-type property. It goes at the top level of the request body, beside \`archived\`, in the same shape API-patch-block-children uses for a new block: \`{"paragraph": {"rich_text": [{"text": {"content": "…"}}]}}\`. There is no wrapper object around it — an earlier version of this spec had one, and Notion answered every such call with a validation error naming each block type as undefined.
Returns:
A block object. Its content sits under a key named by its own \`type\` — a paragraph carries \`paragraph\`, a heading \`heading_1\`.
Fields: object: string, id: string, parent: object, type: string, has_children: boolean, created_time: string, last_edited_time: string, created_by: object, last_edited_by: object, archived: boolean, in_trash: boolean, request_id: string
Error Responses:
400: Bad request",
    "httpMethod": "patch",
    "name": "update-a-block",
    "properties": [
      "archived",
      "block_id",
      "bulleted_list_item",
      "callout",
      "code",
      "heading_1",
      "heading_2",
      "heading_3",
      "numbered_list_item",
      "paragraph",
      "quote",
      "to_do",
      "toggle",
    ],
    "required": [
      "block_id",
    ],
  },
  {
    "description": "Notion | Correct a comment that is already posted. Replaces its text in place, so the comment keeps its position in the thread instead of having to be deleted and written again. The new text replaces the old one entirely — there is no way to append to a comment.
Error Responses:
400: Bad request
403: Forbidden — the integration lacks the insert-comment capability
404: Not found — no such comment, or it was created by someone else",
    "httpMethod": "patch",
    "name": "update-a-comment",
    "properties": [
      "comment_id",
      "rich_text",
    ],
    "required": [
      "comment_id",
      "rich_text",
    ],
  },
  {
    "description": "Notion | Update a data source
Update properties of a data source
Returns:
A data source object — the column schema behind a database. Rows are pages; query them with API-query-data-source.
Fields: object: string, id: string, title: array of object, description: array of object, properties: object, parent: object, database_parent: object, created_time: string, last_edited_time: string, created_by: object, last_edited_by: object, icon: object, cover: object, is_inline: boolean, url: string, public_url: string, archived: boolean, in_trash: boolean, request_id: string
Error Responses:
400: Bad request",
    "httpMethod": "patch",
    "name": "update-a-data-source",
    "properties": [
      "data_source_id",
      "description",
      "properties",
      "title",
    ],
    "required": [
      "data_source_id",
    ],
  },
  {
    "description": "Notion | Update a view
Change a view's name, filter, sorts, quick filters or layout. Every field is optional and anything omitted is left as it was, so a partial update is safe. To remove a setting, send it as \`null\` — \`filter: null\` drops the filter, \`configuration: {"type": "table", "group_by": null}\` ungroups a table. Sending a \`quick_filters\` entry replaces just that one and leaves the rest; setting an entry to \`null\` removes it. \`configuration.type\` must match the view's existing type. Note that re-applying grouping resets \`hide_empty_groups\` to true, so set it explicitly to false in the same call if empty groups must stay visible.
Error Responses:
400: Bad request",
    "httpMethod": "patch",
    "name": "update-a-view",
    "properties": [
      "configuration",
      "filter",
      "name",
      "quick_filters",
      "sorts",
      "view_id",
    ],
    "required": [
      "view_id",
    ],
  },
  {
    "description": "Notion | Update a page's content as Markdown
Update the content of a Notion page using enhanced Markdown. Prefer \`replace_content\` to overwrite the whole page or \`update_content\` for targeted find-and-replace edits.
Returns:
Fields: object: string, id: string, markdown: string, truncated: boolean, unknown_block_ids: array of string
Error Responses:
400: Bad request
403: The integration lacks the read/update content capability required for this page.
404: Page not found or not shared with the integration.
409: Conflict (e.g. row limit exceeded).
429: Rate limited.",
    "httpMethod": "patch",
    "name": "update-page-markdown",
    "properties": [
      "insert_content",
      "page_id",
      "replace_content",
      "replace_content_range",
      "type",
      "update_content",
    ],
    "required": [
      "page_id",
      "type",
    ],
  },
]
`;
